{
  "header": {
    "compression_method": "deflate",
    "swf_version": 8,
    "uncompressed_file_length": 47359,
    "frame_size": {
      "x_min": 0,
      "x_max": 11000,
      "y_min": 0,
      "y_max": 8000
    },
    "frame_rate": "+0x18.00",
    "frame_count": 1
  },
  "tags": [
    {
      "type": "file-attributes",
      "use_direct_blit": false,
      "use_gpu": false,
      "has_metadata": false,
      "use_as3": true,
      "no_cross_domain_caching": false,
      "use_relative_urls": false,
      "use_network": false
    },
    {
      "type": "set-background-color",
      "color": {
        "r": 255,
        "g": 255,
        "b": 255
      }
    },
    {
      "type": "define-scene-and-frame-label-data",
      "scenes": [
        {
          "offset": 0,
          "name": "Scene 1"
        }
      ],
      "labels": []
    },
    {
      "type": "unknown",
      "code": 82,
      "data": [
        1,
        0,
        0,
        0,
        0,
        16,
        0,
        46,
        0,
        0,
        0,
        0,
        27,
        19,
        101,
        109,
        112,
        116,
        121,
        95,
        109,
        99,
        95,
        115,
        99,
        101,
        110,
        101,
        115,
        95,
        102,
        108,
        97,
        12,
        77,
        97,
        105,
        110,
        84,
        105,
        109,
        101,
        108,
        105,
        110,
        101,
        13,
        102,
        108,
        97,
        115,
        104,
        46,
        100,
        105,
        115,
        112,
        108,
        97,
        121,
        9,
        77,
        111,
        118,
        105,
        101,
        67,
        108,
        105,
        112,
        32,
        101,
        109,
        112,
        116,
        121,
        95,
        109,
        99,
        95,
        115,
        99,
        101,
        110,
        101,
        115,
        95,
        102,
        108,
        97,
        58,
        77,
        97,
        105,
        110,
        84,
        105,
        109,
        101,
        108,
        105,
        110,
        101,
        0,
        2,
        109,
        99,
        6,
        102,
        114,
        97,
        109,
        101,
        49,
        5,
        116,
        114,
        97,
        99,
        101,
        12,
        99,
        117,
        114,
        114,
        101,
        110,
        116,
        70,
        114,
        97,
        109,
        101,
        12,
        99,
        117,
        114,
        114,
        101,
        110,
        116,
        76,
        97,
        98,
        101,
        108,
        17,
        99,
        117,
        114,
        114,
        101,
        110,
        116,
        70,
        114,
        97,
        109,
        101,
        76,
        97,
        98,
        101,
        108,
        13,
        99,
        117,
        114,
        114,
        101,
        110,
        116,
        76,
        97,
        98,
        101,
        108,
        115,
        6,
        108,
        101,
        110,
        103,
        116,
        104,
        12,
        99,
        117,
        114,
        114,
        101,
        110,
        116,
        83,
        99,
        101,
        110,
        101,
        6,
        108,
        97,
        98,
        101,
        108,
        115,
        4,
        110,
        97,
        109,
        101,
        9,
        110,
        117,
        109,
        70,
        114,
        97,
        109,
        101,
        115,
        14,
        97,
        100,
        100,
        70,
        114,
        97,
        109,
        101,
        83,
        99,
        114,
        105,
        112,
        116,
        6,
        79,
        98,
        106,
        101,
        99,
        116,
        12,
        102,
        108,
        97,
        115,
        104,
        46,
        101,
        118,
        101,
        110,
        116,
        115,
        15,
        69,
        118,
        101,
        110,
        116,
        68,
        105,
        115,
        112,
        97,
        116,
        99,
        104,
        101,
        114,
        13,
        68,
        105,
        115,
        112,
        108,
        97,
        121,
        79,
        98,
        106,
        101,
        99,
        116,
        17,
        73,
        110,
        116,
        101,
        114,
        97,
        99,
        116,
        105,
        118,
        101,
        79,
        98,
        106,
        101,
        99,
        116,
        22,
        68,
        105,
        115,
        112,
        108,
        97,
        121,
        79,
        98,
        106,
        101,
        99,
        116,
        67,
        111,
        110,
        116,
        97,
        105,
        110,
        101,
        114,
        6,
        83,
        112,
        114,
        105,
        116,
        101,
        7,
        22,
        1,
        22,
        3,
        24,
        5,
        22,
        6,
        23,
        1,
        22,
        21,
        0,
        22,
        7,
        1,
        2,
        7,
        2,
        4,
        7,
        4,
        7,
        7,
        5,
        8,
        7,
        4,
        9,
        7,
        4,
        10,
        7,
        4,
        11,
        7,
        4,
        12,
        7,
        4,
        13,
        7,
        4,
        14,
        7,
        4,
        15,
        7,
        4,
        16,
        7,
        4,
        17,
        7,
        4,
        18,
        7,
        4,
        19,
        7,
        4,
        20,
        7,
        6,
        22,
        7,
        2,
        23,
        7,
        2,
        24,
        7,
        2,
        25,
        7,
        2,
        26,
        4,
        0,
        0,
        0,
        0,
        0,
        0,
        0,
        0,
        0,
        0,
        0,
        0,
        0,
        0,
        0,
        0,
        0,
        1,
        1,
        2,
        8,
        3,
        0,
        2,
        2,
        3,
        0,
        0,
        2,
        0,
        4,
        1,
        0,
        1,
        0,
        0,
        1,
        3,
        1,
        1,
        4,
        1,
        0,
        4,
        0,
        1,
        1,
        9,
        10,
        3,
        208,
        48,
        71,
        0,
        0,
        1,
        3,
        1,
        10,
        11,
        120,
        208,
        48,
        208,
        93,
        2,
        74,
        2,
        0,
        104,
        3,
        93,
        5,
        208,
        102,
        3,
        102,
        6,
        79,
        5,
        1,
        93,
        5,
        208,
        102,
        3,
        102,
        7,
        79,
        5,
        1,
        93,
        5,
        208,
        102,
        3,
        102,
        8,
        79,
        5,
        1,
        93,
        5,
        208,
        102,
        3,
        102,
        9,
        102,
        10,
        79,
        5,
        1,
        93,
        5,
        208,
        102,
        3,
        102,
        11,
        79,
        5,
        1,
        93,
        5,
        208,
        102,
        3,
        102,
        11,
        102,
        12,
        102,
        10,
        79,
        5,
        1,
        93,
        5,
        208,
        102,
        3,
        102,
        11,
        102,
        13,
        44,
        6,
        172,
        79,
        5,
        1,
        93,
        5,
        208,
        102,
        3,
        102,
        11,
        102,
        14,
        79,
        5,
        1,
        93,
        5,
        208,
        102,
        3,
        102,
        11,
        208,
        102,
        3,
        102,
        11,
        172,
        79,
        5,
        1,
        71,
        0,
        0,
        2,
        3,
        1,
        10,
        11,
        16,
        208,
        48,
        208,
        73,
        0,
        93,
        15,
        36,
        0,
        208,
        102,
        4,
        79,
        15,
        2,
        71,
        0,
        0,
        3,
        2,
        1,
        1,
        9,
        39,
        208,
        48,
        101,
        0,
        96,
        16,
        48,
        96,
        17,
        48,
        96,
        18,
        48,
        96,
        19,
        48,
        96,
        20,
        48,
        96,
        21,
        48,
        96,
        2,
        48,
        96,
        2,
        88,
        0,
        29,
        29,
        29,
        29,
        29,
        29,
        29,
        104,
        1,
        71,
        0,
        0
      ]
    },
    {
      "type": "unknown",
      "code": 76,
      "data": [
        1,
        0,
        0,
        0,
        101,
        109,
        112,
        116,
        121,
        95,
        109,
        99,
        95,
        115,
        99,
        101,
        110,
        101,
        115,
        95,
        102,
        108,
        97,
        46,
        77,
        97,
        105,
        110,
        84,
        105,
        109,
        101,
        108,
        105,
        110,
        101,
        0
      ]
    }
  ]
}
