{
  "header": {
    "compression-method": "none",
    "swf-version": 34,
    "uncompressed-file-length": 53,
    "frame-size": {
      "x-min": 0,
      "x-max": 11000,
      "y-min": 0,
      "y-max": 8000
    },
    "frame-rate": "+0x18.00",
    "frame-count": 1
  },
  "tags": [
    {
      "type": "file-attributes",
      "use-direct-blit": false,
      "use-gpu": false,
      "has-metadata": false,
      "use-as3": true,
      "no-cross-domain-caching": false,
      "use-relative-urls": false,
      "use-network": false
    },
    {
      "type": "set-background-color",
      "color": {
        "r": 255,
        "g": 255,
        "b": 255
      }
    },
    {
      "type": "define-scene-and-frame-label-data",
      "scenes": [
        {
          "offset": 0,
          "name": "Scene 1"
        }
      ],
      "labels": []
    },
    {
      "type": "show-frame"
    },
    {
      "type": "end"
    }
  ]
}
